2026-08-25T09:24:29.076-04:00 info diagnostics log: C:\Users\Proto\AppData\Roaming\Wallwright\logs\wallwright.log
2026-08-25T09:24:29.079-04:00 info session runId=35c9c808 version=0.1.1 electron=43.4.1 chrome=150.0.7871.224 platform=win32-x64 release=10.0.26200 host=HQ-Proto-Mini-2 packaged=true config=C:\Users\proto\wallwright-soak\soak-config.json wall=1080x1920 panels=4
2026-08-25T09:24:29.079-04:00 info config C:\Users\proto\wallwright-soak\soak-config.json: 4 views on a 1080x1920 wall
2026-08-25T09:24:29.079-04:00 info matched display by 1080x1920: "SL4364K" (id 3179642134)
2026-08-25T09:24:29.104-04:00 info layout 1080x1920 in a 1080x1920 window, 1:1
2026-08-25T09:24:29.261-04:00 info control surface on http://127.0.0.1:8901
2026-08-25T09:25:29.274-04:00 info memory: 1399MB total (Tab 776MB, GPU 436MB, Browser 119MB, Utility 68MB)
2026-08-25T09:26:29.286-04:00 info memory: 1383MB total (Tab 764MB, GPU 431MB, Browser 119MB, Utility 68MB)
2026-08-25T09:27:29.304-04:00 info memory: 1380MB total (Tab 765MB, GPU 427MB, Browser 119MB, Utility 68MB)
2026-08-25T09:28:29.306-04:00 info memory: 1381MB total (Tab 767MB, GPU 426MB, Browser 119MB, Utility 68MB)
2026-08-25T09:29:29.323-04:00 info memory: 1382MB total (Tab 768MB, GPU 426MB, Browser 120MB, Utility 68MB)
2026-08-25T09:30:29.325-04:00 info memory: 1386MB total (Tab 770MB, GPU 428MB, Browser 120MB, Utility 68MB)
2026-08-25T09:31:29.342-04:00 info memory: 1385MB total (Tab 768MB, GPU 428MB, Browser 120MB, Utility 68MB)
2026-08-25T09:32:29.345-04:00 info memory: 1385MB total (Tab 769MB, GPU 428MB, Browser 120MB, Utility 68MB)
2026-08-25T09:33:29.363-04:00 info memory: 1385MB total (Tab 768MB, GPU 428MB, Browser 120MB, Utility 68MB)
2026-08-25T09:34:29.363-04:00 info memory: 1384MB total (Tab 769MB, GPU 426MB, Browser 120MB, Utility 68MB)
2026-08-25T09:35:29.365-04:00 info memory: 1385MB total (Tab 769MB, GPU 427MB, Browser 120MB, Utility 68MB)
2026-08-25T09:36:29.382-04:00 info memory: 1384MB total (Tab 769MB, GPU 426MB, Browser 120MB, Utility 68MB)
2026-08-25T09:37:29.384-04:00 info memory: 1384MB total (Tab 769MB, GPU 426MB, Browser 120MB, Utility 68MB)
2026-08-25T09:38:29.402-04:00 info memory: 1386MB total (Tab 769MB, GPU 428MB, Browser 120MB, Utility 68MB)
2026-08-25T09:39:29.403-04:00 info memory: 1386MB total (Tab 769MB, GPU 428MB, Browser 121MB, Utility 68MB)
2026-08-25T09:40:29.405-04:00 info memory: 1387MB total (Tab 770MB, GPU 428MB, Browser 121MB, Utility 68MB)
2026-08-25T09:41:29.407-04:00 info memory: 1385MB total (Tab 770MB, GPU 426MB, Browser 121MB, Utility 68MB)
2026-08-25T09:42:29.424-04:00 info memory: 1385MB total (Tab 770MB, GPU 427MB, Browser 120MB, Utility 68MB)
2026-08-25T09:43:29.426-04:00 info memory: 1384MB total (Tab 770MB, GPU 426MB, Browser 120MB, Utility 68MB)
2026-08-25T09:44:29.427-04:00 info memory: 1385MB total (Tab 770MB, GPU 427MB, Browser 120MB, Utility 68MB)
2026-08-25T09:45:29.428-04:00 info memory: 1387MB total (Tab 771MB, GPU 428MB, Browser 120MB, Utility 68MB)
2026-08-25T09:46:29.430-04:00 info memory: 1386MB total (Tab 772MB, GPU 426MB, Browser 120MB, Utility 68MB)
2026-08-25T09:47:29.447-04:00 info memory: 1388MB total (Tab 773MB, GPU 427MB, Browser 120MB, Utility 68MB)
2026-08-25T09:48:29.448-04:00 info memory: 1388MB total (Tab 772MB, GPU 428MB, Browser 120MB, Utility 68MB)
2026-08-25T09:49:29.465-04:00 info memory: 1387MB total (Tab 772MB, GPU 427MB, Browser 120MB, Utility 68MB)
2026-08-25T09:50:29.468-04:00 info memory: 1386MB total (Tab 772MB, GPU 426MB, Browser 120MB, Utility 68MB)
2026-08-25T09:51:29.469-04:00 info memory: 1388MB total (Tab 772MB, GPU 428MB, Browser 120MB, Utility 68MB)
2026-08-25T09:52:29.488-04:00 info memory: 1388MB total (Tab 772MB, GPU 428MB, Browser 120MB, Utility 68MB)
2026-08-25T09:53:29.489-04:00 info memory: 1387MB total (Tab 771MB, GPU 428MB, Browser 120MB, Utility 68MB)
2026-08-25T09:54:29.490-04:00 info memory: 1386MB total (Tab 771MB, GPU 427MB, Browser 121MB, Utility 68MB)
2026-08-25T09:55:29.493-04:00 info memory: 1403MB total (Tab 774MB, GPU 441MB, Browser 121MB, Utility 68MB)
2026-08-25T09:56:29.509-04:00 info memory: 1402MB total (Tab 775MB, GPU 439MB, Browser 121MB, Utility 68MB)
2026-08-25T09:57:29.510-04:00 info memory: 1404MB total (Tab 774MB, GPU 441MB, Browser 121MB, Utility 68MB)
2026-08-25T09:58:29.529-04:00 info memory: 1402MB total (Tab 775MB, GPU 439MB, Browser 121MB, Utility 68MB)
2026-08-25T09:59:29.531-04:00 info memory: 1404MB total (Tab 775MB, GPU 441MB, Browser 121MB, Utility 68MB)
2026-08-25T10:00:29.532-04:00 info memory: 1404MB total (Tab 776MB, GPU 441MB, Browser 120MB, Utility 68MB)
2026-08-25T10:01:29.549-04:00 info memory: 1404MB total (Tab 776MB, GPU 441MB, Browser 120MB, Utility 68MB)
2026-08-25T10:02:29.552-04:00 info memory: 1404MB total (Tab 775MB, GPU 441MB, Browser 120MB, Utility 68MB)
2026-08-25T10:03:29.569-04:00 info memory: 1402MB total (Tab 775MB, GPU 439MB, Browser 120MB, Utility 68MB)
2026-08-25T10:04:29.571-04:00 info memory: 1403MB total (Tab 774MB, GPU 441MB, Browser 120MB, Utility 68MB)
2026-08-25T10:05:29.587-04:00 info memory: 1404MB total (Tab 774MB, GPU 441MB, Browser 120MB, Utility 68MB)
2026-08-25T10:06:29.607-04:00 info memory: 1404MB total (Tab 775MB, GPU 441MB, Browser 120MB, Utility 68MB)
2026-08-25T10:07:29.607-04:00 info memory: 1404MB total (Tab 775MB, GPU 441MB, Browser 120MB, Utility 68MB)
2026-08-25T10:08:29.609-04:00 info memory: 1402MB total (Tab 774MB, GPU 439MB, Browser 120MB, Utility 68MB)
2026-08-25T10:09:29.610-04:00 info memory: 1403MB total (Tab 776MB, GPU 439MB, Browser 120MB, Utility 68MB)
2026-08-25T10:10:29.612-04:00 info memory: 1403MB total (Tab 776MB, GPU 439MB, Browser 121MB, Utility 68MB)
2026-08-25T10:11:29.629-04:00 info memory: 1404MB total (Tab 775MB, GPU 441MB, Browser 121MB, Utility 68MB)
2026-08-25T10:12:29.631-04:00 info memory: 1403MB total (Tab 776MB, GPU 439MB, Browser 121MB, Utility 68MB)
2026-08-25T10:13:29.633-04:00 info memory: 1406MB total (Tab 776MB, GPU 441MB, Browser 121MB, Utility 68MB)
2026-08-25T10:14:29.650-04:00 info memory: 1405MB total (Tab 775MB, GPU 441MB, Browser 121MB, Utility 68MB)
2026-08-25T10:15:29.651-04:00 info memory: 1406MB total (Tab 776MB, GPU 441MB, Browser 121MB, Utility 68MB)
2026-08-25T10:16:29.668-04:00 info memory: 1404MB total (Tab 776MB, GPU 439MB, Browser 121MB, Utility 68MB)
2026-08-25T10:17:29.670-04:00 info memory: 1405MB total (Tab 777MB, GPU 439MB, Browser 121MB, Utility 68MB)
2026-08-25T10:18:29.671-04:00 info memory: 1406MB total (Tab 776MB, GPU 441MB, Browser 121MB, Utility 68MB)
2026-08-25T10:19:29.674-04:00 info memory: 1406MB total (Tab 777MB, GPU 441MB, Browser 121MB, Utility 68MB)
2026-08-25T10:20:29.675-04:00 info memory: 1404MB total (Tab 777MB, GPU 439MB, Browser 120MB, Utility 68MB)
2026-08-25T10:21:29.693-04:00 info memory: 1405MB total (Tab 776MB, GPU 441MB, Browser 120MB, Utility 68MB)
2026-08-25T10:22:29.694-04:00 info memory: 1406MB total (Tab 777MB, GPU 441MB, Browser 120MB, Utility 68MB)
2026-08-25T10:23:29.711-04:00 info memory: 1406MB total (Tab 776MB, GPU 441MB, Browser 120MB, Utility 68MB)
2026-08-25T10:24:29.713-04:00 info memory: 1405MB total (Tab 776MB, GPU 441MB, Browser 121MB, Utility 68MB)
2026-08-25T10:25:29.715-04:00 info memory: 1408MB total (Tab 776MB, GPU 444MB, Browser 121MB, Utility 68MB)
2026-08-25T10:26:29.716-04:00 info memory: 1407MB total (Tab 776MB, GPU 442MB, Browser 121MB, Utility 68MB)
2026-08-25T10:27:29.733-04:00 info memory: 1407MB total (Tab 776MB, GPU 442MB, Browser 121MB, Utility 68MB)
2026-08-25T10:28:29.734-04:00 info memory: 1407MB total (Tab 776MB, GPU 442MB, Browser 121MB, Utility 68MB)
2026-08-25T10:29:29.736-04:00 info memory: 1409MB total (Tab 777MB, GPU 444MB, Browser 121MB, Utility 68MB)
2026-08-25T10:30:29.738-04:00 info memory: 1405MB total (Tab 777MB, GPU 440MB, Browser 121MB, Utility 68MB)
2026-08-25T10:31:29.755-04:00 info memory: 1405MB total (Tab 777MB, GPU 440MB, Browser 121MB, Utility 68MB)
2026-08-25T10:32:29.756-04:00 info memory: 1406MB total (Tab 777MB, GPU 440MB, Browser 121MB, Utility 68MB)
2026-08-25T10:33:29.758-04:00 info memory: 1406MB total (Tab 777MB, GPU 440MB, Browser 121MB, Utility 68MB)
2026-08-25T10:34:29.775-04:00 info memory: 1406MB total (Tab 778MB, GPU 440MB, Browser 121MB, Utility 68MB)
2026-08-25T10:35:29.776-04:00 info memory: 1406MB total (Tab 777MB, GPU 439MB, Browser 121MB, Utility 68MB)
2026-08-25T10:36:29.778-04:00 info memory: 1406MB total (Tab 778MB, GPU 439MB, Browser 121MB, Utility 68MB)
2026-08-25T10:37:29.779-04:00 info memory: 1407MB total (Tab 778MB, GPU 440MB, Browser 121MB, Utility 68MB)
2026-08-25T10:38:29.795-04:00 info memory: 1407MB total (Tab 779MB, GPU 440MB, Browser 120MB, Utility 68MB)
2026-08-25T10:39:29.798-04:00 info memory: 1407MB total (Tab 779MB, GPU 440MB, Browser 121MB, Utility 68MB)
2026-08-25T10:40:29.800-04:00 info memory: 1406MB total (Tab 778MB, GPU 440MB, Browser 121MB, Utility 68MB)
2026-08-25T10:41:29.800-04:00 info memory: 1407MB total (Tab 778MB, GPU 440MB, Browser 121MB, Utility 68MB)
2026-08-25T10:42:29.802-04:00 info memory: 1406MB total (Tab 778MB, GPU 440MB, Browser 121MB, Utility 68MB)
2026-08-25T10:43:29.820-04:00 info memory: 1406MB total (Tab 778MB, GPU 440MB, Browser 121MB, Utility 68MB)
2026-08-25T10:44:29.839-04:00 info memory: 1407MB total (Tab 778MB, GPU 440MB, Browser 121MB, Utility 68MB)
2026-08-25T10:45:29.854-04:00 info memory: 1407MB total (Tab 778MB, GPU 440MB, Browser 121MB, Utility 68MB)
2026-08-25T10:46:29.856-04:00 info memory: 1406MB total (Tab 778MB, GPU 440MB, Browser 121MB, Utility 68MB)
2026-08-25T10:47:29.858-04:00 info memory: 1407MB total (Tab 779MB, GPU 440MB, Browser 121MB, Utility 68MB)
2026-08-25T10:48:29.860-04:00 info memory: 1408MB total (Tab 779MB, GPU 440MB, Browser 121MB, Utility 68MB)
2026-08-25T10:49:29.878-04:00 info memory: 1407MB total (Tab 779MB, GPU 440MB, Browser 121MB, Utility 68MB)
2026-08-25T10:50:29.878-04:00 info memory: 1408MB total (Tab 779MB, GPU 440MB, Browser 121MB, Utility 68MB)
2026-08-25T10:51:29.880-04:00 info memory: 1408MB total (Tab 779MB, GPU 440MB, Browser 121MB, Utility 68MB)
2026-08-25T10:52:29.882-04:00 info memory: 1407MB total (Tab 779MB, GPU 440MB, Browser 121MB, Utility 68MB)
2026-08-25T10:53:29.900-04:00 info memory: 1408MB total (Tab 779MB, GPU 440MB, Browser 121MB, Utility 68MB)
2026-08-25T10:54:29.902-04:00 info memory: 1409MB total (Tab 780MB, GPU 440MB, Browser 121MB, Utility 68MB)
2026-08-25T10:55:29.918-04:00 info memory: 1411MB total (Tab 779MB, GPU 443MB, Browser 121MB, Utility 68MB)
2026-08-25T10:56:29.921-04:00 info memory: 1413MB total (Tab 780MB, GPU 443MB, Browser 121MB, Utility 68MB)
2026-08-25T10:57:29.921-04:00 info memory: 1411MB total (Tab 781MB, GPU 442MB, Browser 121MB, Utility 68MB)
2026-08-25T10:58:29.939-04:00 info memory: 1413MB total (Tab 781MB, GPU 443MB, Browser 121MB, Utility 68MB)
2026-08-25T10:59:29.957-04:00 info memory: 1412MB total (Tab 780MB, GPU 443MB, Browser 121MB, Utility 68MB)
2026-08-25T11:00:29.958-04:00 info memory: 1415MB total (Tab 781MB, GPU 446MB, Browser 121MB, Utility 68MB)
2026-08-25T11:01:29.976-04:00 info memory: 1415MB total (Tab 780MB, GPU 446MB, Browser 121MB, Utility 68MB)
2026-08-25T11:02:29.978-04:00 info memory: 1411MB total (Tab 781MB, GPU 442MB, Browser 121MB, Utility 68MB)
2026-08-25T11:03:29.994-04:00 info memory: 1411MB total (Tab 780MB, GPU 442MB, Browser 121MB, Utility 68MB)
2026-08-25T11:04:29.996-04:00 info memory: 1412MB total (Tab 781MB, GPU 442MB, Browser 121MB, Utility 68MB)
2026-08-25T11:05:29.997-04:00 info memory: 1413MB total (Tab 781MB, GPU 443MB, Browser 121MB, Utility 68MB)
2026-08-25T11:06:30.000-04:00 info memory: 1409MB total (Tab 778MB, GPU 442MB, Browser 121MB, Utility 68MB)
2026-08-25T11:07:30.000-04:00 info memory: 1411MB total (Tab 778MB, GPU 443MB, Browser 121MB, Utility 68MB)
2026-08-25T11:08:30.018-04:00 info memory: 1409MB total (Tab 779MB, GPU 442MB, Browser 121MB, Utility 68MB)
2026-08-25T11:09:30.034-04:00 info memory: 1410MB total (Tab 779MB, GPU 442MB, Browser 121MB, Utility 68MB)
2026-08-25T11:10:30.036-04:00 info memory: 1410MB total (Tab 779MB, GPU 442MB, Browser 121MB, Utility 68MB)
2026-08-25T11:11:30.038-04:00 info memory: 1411MB total (Tab 779MB, GPU 443MB, Browser 121MB, Utility 68MB)
2026-08-25T11:12:30.055-04:00 info memory: 1410MB total (Tab 779MB, GPU 442MB, Browser 121MB, Utility 68MB)
2026-08-25T11:13:30.056-04:00 info memory: 1411MB total (Tab 779MB, GPU 443MB, Browser 121MB, Utility 68MB)
2026-08-25T11:14:30.058-04:00 info memory: 1415MB total (Tab 779MB, GPU 447MB, Browser 121MB, Utility 68MB)
2026-08-25T11:15:30.061-04:00 info memory: 1410MB total (Tab 779MB, GPU 442MB, Browser 121MB, Utility 68MB)
2026-08-25T11:16:30.076-04:00 info memory: 1410MB total (Tab 780MB, GPU 442MB, Browser 121MB, Utility 68MB)
2026-08-25T11:17:30.081-04:00 info memory: 1409MB total (Tab 779MB, GPU 442MB, Browser 121MB, Utility 68MB)
2026-08-25T11:18:30.098-04:00 info memory: 1410MB total (Tab 779MB, GPU 442MB, Browser 121MB, Utility 68MB)
2026-08-25T11:19:30.098-04:00 info memory: 1410MB total (Tab 780MB, GPU 442MB, Browser 121MB, Utility 68MB)
2026-08-25T11:20:30.117-04:00 info memory: 1409MB total (Tab 779MB, GPU 442MB, Browser 121MB, Utility 68MB)
2026-08-25T11:21:30.116-04:00 info memory: 1409MB total (Tab 778MB, GPU 442MB, Browser 121MB, Utility 68MB)
2026-08-25T11:22:30.135-04:00 info memory: 1410MB total (Tab 779MB, GPU 442MB, Browser 121MB, Utility 68MB)
2026-08-25T11:23:30.137-04:00 info memory: 1410MB total (Tab 779MB, GPU 442MB, Browser 121MB, Utility 68MB)
2026-08-25T11:24:30.137-04:00 info memory: 1411MB total (Tab 780MB, GPU 442MB, Browser 121MB, Utility 68MB)
2026-08-25T11:25:30.139-04:00 info memory: 1415MB total (Tab 779MB, GPU 446MB, Browser 121MB, Utility 68MB)
2026-08-25T11:26:30.156-04:00 info memory: 1413MB total (Tab 779MB, GPU 445MB, Browser 121MB, Utility 68MB)
2026-08-25T11:27:30.157-04:00 info memory: 1413MB total (Tab 779MB, GPU 445MB, Browser 121MB, Utility 68MB)
2026-08-25T11:28:30.159-04:00 info memory: 1419MB total (Tab 779MB, GPU 450MB, Browser 121MB, Utility 68MB)
2026-08-25T11:29:30.162-04:00 info memory: 1414MB total (Tab 780MB, GPU 445MB, Browser 121MB, Utility 68MB)
2026-08-25T11:30:30.177-04:00 info memory: 1419MB total (Tab 781MB, GPU 449MB, Browser 121MB, Utility 68MB)
2026-08-25T11:31:30.198-04:00 info memory: 1415MB total (Tab 780MB, GPU 446MB, Browser 121MB, Utility 68MB)
2026-08-25T11:32:30.214-04:00 info memory: 1416MB total (Tab 780MB, GPU 446MB, Browser 121MB, Utility 68MB)
2026-08-25T11:33:30.217-04:00 info memory: 1416MB total (Tab 781MB, GPU 447MB, Browser 121MB, Utility 68MB)
2026-08-25T11:34:30.233-04:00 info memory: 1415MB total (Tab 780MB, GPU 447MB, Browser 121MB, Utility 68MB)
2026-08-25T11:35:30.234-04:00 info memory: 1414MB total (Tab 780MB, GPU 445MB, Browser 121MB, Utility 68MB)
2026-08-25T11:36:30.253-04:00 info memory: 1415MB total (Tab 781MB, GPU 445MB, Browser 121MB, Utility 68MB)
2026-08-25T11:37:30.253-04:00 info memory: 1416MB total (Tab 781MB, GPU 446MB, Browser 121MB, Utility 68MB)
2026-08-25T11:38:30.271-04:00 info memory: 1416MB total (Tab 780MB, GPU 446MB, Browser 121MB, Utility 68MB)
2026-08-25T11:39:30.273-04:00 info memory: 1417MB total (Tab 781MB, GPU 446MB, Browser 121MB, Utility 68MB)
2026-08-25T11:40:30.275-04:00 info memory: 1415MB total (Tab 781MB, GPU 445MB, Browser 121MB, Utility 68MB)
2026-08-25T11:41:30.291-04:00 info memory: 1416MB total (Tab 781MB, GPU 446MB, Browser 121MB, Utility 68MB)
2026-08-25T11:42:30.294-04:00 info memory: 1415MB total (Tab 781MB, GPU 445MB, Browser 121MB, Utility 68MB)
2026-08-25T11:43:30.311-04:00 info memory: 1416MB total (Tab 781MB, GPU 446MB, Browser 121MB, Utility 68MB)
2026-08-25T11:44:30.328-04:00 info memory: 1419MB total (Tab 781MB, GPU 449MB, Browser 121MB, Utility 68MB)
2026-08-25T11:45:30.329-04:00 info memory: 1415MB total (Tab 781MB, GPU 445MB, Browser 121MB, Utility 68MB)
2026-08-25T11:46:30.329-04:00 info memory: 1416MB total (Tab 781MB, GPU 446MB, Browser 121MB, Utility 68MB)
2026-08-25T11:47:30.334-04:00 info memory: 1415MB total (Tab 781MB, GPU 445MB, Browser 121MB, Utility 68MB)
2026-08-25T11:48:30.352-04:00 info memory: 1413MB total (Tab 781MB, GPU 443MB, Browser 121MB, Utility 68MB)
2026-08-25T11:49:30.369-04:00 info memory: 1412MB total (Tab 781MB, GPU 443MB, Browser 121MB, Utility 68MB)
2026-08-25T11:50:30.370-04:00 info memory: 1413MB total (Tab 781MB, GPU 443MB, Browser 122MB, Utility 68MB)
2026-08-25T11:51:30.387-04:00 info memory: 1414MB total (Tab 782MB, GPU 443MB, Browser 121MB, Utility 68MB)
2026-08-25T11:52:30.393-04:00 info memory: 1418MB total (Tab 781MB, GPU 447MB, Browser 122MB, Utility 68MB)
2026-08-25T11:53:30.409-04:00 info memory: 1417MB total (Tab 781MB, GPU 447MB, Browser 121MB, Utility 68MB)
2026-08-25T11:54:30.408-04:00 info memory: 1422MB total (Tab 783MB, GPU 450MB, Browser 121MB, Utility 68MB)
2026-08-25T11:55:30.412-04:00 info memory: 1420MB total (Tab 781MB, GPU 451MB, Browser 121MB, Utility 68MB)
2026-08-25T11:56:30.430-04:00 info memory: 1420MB total (Tab 782MB, GPU 449MB, Browser 121MB, Utility 68MB)
2026-08-25T11:57:30.431-04:00 info memory: 1422MB total (Tab 783MB, GPU 451MB, Browser 121MB, Utility 68MB)
2026-08-25T11:58:30.433-04:00 info memory: 1422MB total (Tab 783MB, GPU 451MB, Browser 121MB, Utility 68MB)
2026-08-25T11:59:30.436-04:00 info memory: 1422MB total (Tab 783MB, GPU 450MB, Browser 121MB, Utility 68MB)
2026-08-25T12:00:30.438-04:00 info memory: 1417MB total (Tab 783MB, GPU 445MB, Browser 121MB, Utility 68MB)
2026-08-25T12:01:30.454-04:00 info memory: 1418MB total (Tab 784MB, GPU 445MB, Browser 121MB, Utility 68MB)
2026-08-25T12:02:30.459-04:00 info memory: 1418MB total (Tab 782MB, GPU 446MB, Browser 121MB, Utility 68MB)
2026-08-25T12:03:30.475-04:00 info memory: 1419MB total (Tab 783MB, GPU 446MB, Browser 121MB, Utility 68MB)
2026-08-25T12:04:30.476-04:00 info memory: 1419MB total (Tab 783MB, GPU 446MB, Browser 121MB, Utility 68MB)
2026-08-25T12:05:30.496-04:00 info memory: 1417MB total (Tab 783MB, GPU 445MB, Browser 121MB, Utility 68MB)
2026-08-25T12:06:30.498-04:00 info memory: 1417MB total (Tab 783MB, GPU 445MB, Browser 121MB, Utility 68MB)
2026-08-25T12:07:30.512-04:00 info memory: 1419MB total (Tab 783MB, GPU 446MB, Browser 121MB, Utility 68MB)
2026-08-25T12:08:30.513-04:00 info memory: 1417MB total (Tab 783MB, GPU 445MB, Browser 122MB, Utility 68MB)
2026-08-25T12:09:30.519-04:00 info memory: 1417MB total (Tab 783MB, GPU 445MB, Browser 122MB, Utility 68MB)
2026-08-25T12:10:30.522-04:00 info memory: 1418MB total (Tab 783MB, GPU 445MB, Browser 122MB, Utility 68MB)
2026-08-25T12:11:30.522-04:00 info memory: 1418MB total (Tab 783MB, GPU 445MB, Browser 122MB, Utility 68MB)
2026-08-25T12:12:30.524-04:00 info memory: 1417MB total (Tab 784MB, GPU 445MB, Browser 121MB, Utility 68MB)
2026-08-25T12:13:30.539-04:00 info memory: 1418MB total (Tab 784MB, GPU 445MB, Browser 121MB, Utility 68MB)
2026-08-25T12:14:30.542-04:00 info memory: 1417MB total (Tab 784MB, GPU 445MB, Browser 121MB, Utility 68MB)
2026-08-25T12:15:30.546-04:00 info memory: 1418MB total (Tab 784MB, GPU 445MB, Browser 121MB, Utility 68MB)
2026-08-25T12:16:30.562-04:00 info memory: 1417MB total (Tab 784MB, GPU 445MB, Browser 121MB, Utility 68MB)
2026-08-25T12:17:30.565-04:00 info memory: 1419MB total (Tab 783MB, GPU 447MB, Browser 121MB, Utility 68MB)
2026-08-25T12:18:30.568-04:00 info memory: 1418MB total (Tab 784MB, GPU 445MB, Browser 121MB, Utility 68MB)
2026-08-25T12:19:30.569-04:00 info memory: 1418MB total (Tab 784MB, GPU 445MB, Browser 121MB, Utility 68MB)
2026-08-25T12:20:30.586-04:00 info memory: 1417MB total (Tab 783MB, GPU 445MB, Browser 121MB, Utility 68MB)
2026-08-25T12:21:30.605-04:00 info memory: 1419MB total (Tab 784MB, GPU 447MB, Browser 121MB, Utility 68MB)
2026-08-25T12:22:30.607-04:00 info memory: 1420MB total (Tab 785MB, GPU 447MB, Browser 121MB, Utility 68MB)
2026-08-25T12:23:30.607-04:00 info memory: 1420MB total (Tab 784MB, GPU 447MB, Browser 121MB, Utility 68MB)
2026-08-25T12:24:30.625-04:00 info memory: 1419MB total (Tab 785MB, GPU 446MB, Browser 121MB, Utility 68MB)
2026-08-25T12:25:30.628-04:00 info memory: 1422MB total (Tab 784MB, GPU 449MB, Browser 121MB, Utility 68MB)
2026-08-25T12:26:30.646-04:00 info memory: 1424MB total (Tab 784MB, GPU 451MB, Browser 121MB, Utility 68MB)
2026-08-25T12:27:30.648-04:00 info memory: 1423MB total (Tab 784MB, GPU 449MB, Browser 121MB, Utility 68MB)
2026-08-25T12:28:30.667-04:00 info memory: 1423MB total (Tab 784MB, GPU 449MB, Browser 122MB, Utility 68MB)
2026-08-25T12:29:30.685-04:00 info memory: 1423MB total (Tab 785MB, GPU 449MB, Browser 122MB, Utility 68MB)
2026-08-25T12:30:30.703-04:00 info memory: 1422MB total (Tab 784MB, GPU 449MB, Browser 122MB, Utility 68MB)
2026-08-25T12:31:30.706-04:00 info memory: 1426MB total (Tab 784MB, GPU 453MB, Browser 121MB, Utility 68MB)
2026-08-25T12:32:30.721-04:00 info memory: 1424MB total (Tab 785MB, GPU 451MB, Browser 121MB, Utility 68MB)
2026-08-25T12:33:30.725-04:00 info memory: 1425MB total (Tab 785MB, GPU 451MB, Browser 121MB, Utility 68MB)
2026-08-25T12:34:30.726-04:00 info memory: 1422MB total (Tab 784MB, GPU 449MB, Browser 121MB, Utility 68MB)
2026-08-25T12:35:30.745-04:00 info memory: 1424MB total (Tab 784MB, GPU 451MB, Browser 121MB, Utility 68MB)
2026-08-25T12:36:30.747-04:00 info memory: 1425MB total (Tab 785MB, GPU 451MB, Browser 121MB, Utility 68MB)
2026-08-25T12:37:30.748-04:00 info memory: 1424MB total (Tab 785MB, GPU 451MB, Browser 121MB, Utility 68MB)
2026-08-25T12:38:30.750-04:00 info memory: 1425MB total (Tab 785MB, GPU 451MB, Browser 121MB, Utility 68MB)
2026-08-25T12:39:30.765-04:00 info memory: 1424MB total (Tab 786MB, GPU 449MB, Browser 121MB, Utility 68MB)
2026-08-25T12:40:30.786-04:00 info memory: 1423MB total (Tab 785MB, GPU 449MB, Browser 121MB, Utility 68MB)
2026-08-25T12:41:30.787-04:00 info memory: 1424MB total (Tab 785MB, GPU 451MB, Browser 121MB, Utility 68MB)
2026-08-25T12:42:30.806-04:00 info memory: 1424MB total (Tab 786MB, GPU 449MB, Browser 121MB, Utility 68MB)
2026-08-25T12:43:30.806-04:00 info memory: 1426MB total (Tab 786MB, GPU 451MB, Browser 121MB, Utility 68MB)
2026-08-25T12:44:30.824-04:00 info memory: 1424MB total (Tab 785MB, GPU 449MB, Browser 122MB, Utility 68MB)
2026-08-25T12:45:30.826-04:00 info memory: 1422MB total (Tab 786MB, GPU 447MB, Browser 122MB, Utility 68MB)
2026-08-25T12:46:30.839-04:00 info memory: 1424MB total (Tab 784MB, GPU 450MB, Browser 122MB, Utility 68MB)
2026-08-25T12:47:30.847-04:00 info memory: 1424MB total (Tab 782MB, GPU 452MB, Browser 122MB, Utility 68MB)
2026-08-25T12:48:30.849-04:00 info memory: 1423MB total (Tab 781MB, GPU 452MB, Browser 122MB, Utility 68MB)
2026-08-25T12:49:30.851-04:00 info memory: 1423MB total (Tab 782MB, GPU 452MB, Browser 122MB, Utility 68MB)
2026-08-25T12:50:30.867-04:00 info memory: 1426MB total (Tab 782MB, GPU 454MB, Browser 122MB, Utility 68MB)
2026-08-25T12:51:30.870-04:00 info memory: 1421MB total (Tab 781MB, GPU 450MB, Browser 122MB, Utility 68MB)
2026-08-25T12:52:30.872-04:00 info memory: 1419MB total (Tab 782MB, GPU 448MB, Browser 122MB, Utility 68MB)
2026-08-25T12:53:30.873-04:00 info memory: 1409MB total (Tab 772MB, GPU 448MB, Browser 122MB, Utility 68MB)
2026-08-25T12:54:30.890-04:00 info memory: 1457MB total (Tab 809MB, GPU 457MB, Browser 122MB, Utility 68MB)
2026-08-25T12:55:30.891-04:00 info memory: 1421MB total (Tab 772MB, GPU 459MB, Browser 122MB, Utility 68MB)
2026-08-25T12:56:30.895-04:00 info memory: 1419MB total (Tab 772MB, GPU 457MB, Browser 122MB, Utility 68MB)
2026-08-25T12:57:30.911-04:00 info memory: 1418MB total (Tab 772MB, GPU 455MB, Browser 122MB, Utility 68MB)
2026-08-25T12:58:30.914-04:00 info memory: 1419MB total (Tab 772MB, GPU 457MB, Browser 122MB, Utility 68MB)
2026-08-25T12:59:30.916-04:00 info memory: 1419MB total (Tab 773MB, GPU 457MB, Browser 122MB, Utility 68MB)
2026-08-25T13:00:30.931-04:00 info memory: 1410MB total (Tab 772MB, GPU 449MB, Browser 122MB, Utility 68MB)
2026-08-25T13:01:30.936-04:00 info memory: 1411MB total (Tab 772MB, GPU 449MB, Browser 122MB, Utility 68MB)
2026-08-25T13:02:30.952-04:00 info memory: 1411MB total (Tab 772MB, GPU 449MB, Browser 122MB, Utility 68MB)
2026-08-25T13:03:30.955-04:00 info memory: 1412MB total (Tab 773MB, GPU 449MB, Browser 122MB, Utility 68MB)
2026-08-25T13:04:30.957-04:00 info memory: 1411MB total (Tab 772MB, GPU 449MB, Browser 122MB, Utility 68MB)
2026-08-25T13:05:30.971-04:00 info memory: 1412MB total (Tab 773MB, GPU 449MB, Browser 122MB, Utility 68MB)
2026-08-25T13:06:30.973-04:00 info memory: 1412MB total (Tab 773MB, GPU 449MB, Browser 122MB, Utility 68MB)
2026-08-25T13:07:30.977-04:00 info memory: 1411MB total (Tab 772MB, GPU 449MB, Browser 122MB, Utility 68MB)
2026-08-25T13:08:30.993-04:00 info memory: 1410MB total (Tab 771MB, GPU 449MB, Browser 122MB, Utility 68MB)
2026-08-25T13:09:30.997-04:00 info memory: 1410MB total (Tab 771MB, GPU 449MB, Browser 122MB, Utility 68MB)
2026-08-25T13:10:31.013-04:00 info memory: 1410MB total (Tab 771MB, GPU 449MB, Browser 122MB, Utility 68MB)
2026-08-25T13:11:31.016-04:00 info memory: 1410MB total (Tab 771MB, GPU 449MB, Browser 122MB, Utility 68MB)
2026-08-25T13:12:31.019-04:00 info memory: 1410MB total (Tab 771MB, GPU 449MB, Browser 122MB, Utility 68MB)
2026-08-25T13:13:31.020-04:00 info memory: 1410MB total (Tab 771MB, GPU 449MB, Browser 122MB, Utility 68MB)
2026-08-25T13:14:31.035-04:00 info memory: 1409MB total (Tab 770MB, GPU 449MB, Browser 122MB, Utility 68MB)
2026-08-25T13:15:31.053-04:00 info memory: 1410MB total (Tab 771MB, GPU 449MB, Browser 122MB, Utility 68MB)
2026-08-25T13:16:31.057-04:00 info memory: 1410MB total (Tab 771MB, GPU 449MB, Browser 123MB, Utility 68MB)
2026-08-25T13:17:31.060-04:00 info memory: 1409MB total (Tab 771MB, GPU 449MB, Browser 122MB, Utility 68MB)
2026-08-25T13:18:31.075-04:00 info memory: 1409MB total (Tab 771MB, GPU 449MB, Browser 122MB, Utility 68MB)
2026-08-25T13:19:31.078-04:00 info memory: 1410MB total (Tab 771MB, GPU 449MB, Browser 122MB, Utility 68MB)
2026-08-25T13:20:31.097-04:00 info memory: 1410MB total (Tab 771MB, GPU 449MB, Browser 122MB, Utility 68MB)
2026-08-25T13:21:31.111-04:00 info memory: 1409MB total (Tab 771MB, GPU 449MB, Browser 122MB, Utility 68MB)
2026-08-25T13:22:31.115-04:00 info memory: 1413MB total (Tab 772MB, GPU 451MB, Browser 122MB, Utility 68MB)
2026-08-25T13:23:31.118-04:00 info memory: 1412MB total (Tab 771MB, GPU 451MB, Browser 122MB, Utility 68MB)
2026-08-25T13:24:31.133-04:00 info memory: 1459MB total (Tab 797MB, GPU 472MB, Browser 122MB, Utility 68MB)
2026-08-25T13:25:31.135-04:00 info memory: 1421MB total (Tab 771MB, GPU 461MB, Browser 122MB, Utility 68MB)
2026-08-25T13:26:31.152-04:00 info memory: 1418MB total (Tab 771MB, GPU 457MB, Browser 122MB, Utility 68MB)
2026-08-25T13:27:31.154-04:00 info memory: 1420MB total (Tab 772MB, GPU 458MB, Browser 122MB, Utility 68MB)
2026-08-25T13:28:31.172-04:00 info memory: 1419MB total (Tab 771MB, GPU 458MB, Browser 122MB, Utility 68MB)
2026-08-25T13:29:31.191-04:00 info memory: 1420MB total (Tab 772MB, GPU 458MB, Browser 122MB, Utility 68MB)
2026-08-25T13:30:31.209-04:00 info memory: 1418MB total (Tab 771MB, GPU 457MB, Browser 122MB, Utility 68MB)
2026-08-25T13:31:31.211-04:00 info memory: 1415MB total (Tab 772MB, GPU 454MB, Browser 122MB, Utility 68MB)
2026-08-25T13:32:31.213-04:00 info memory: 1416MB total (Tab 772MB, GPU 454MB, Browser 122MB, Utility 68MB)
2026-08-25T13:33:31.231-04:00 info memory: 1415MB total (Tab 772MB, GPU 452MB, Browser 122MB, Utility 68MB)
2026-08-25T13:34:31.232-04:00 info memory: 1415MB total (Tab 772MB, GPU 452MB, Browser 123MB, Utility 68MB)
2026-08-25T13:35:31.234-04:00 info memory: 1414MB total (Tab 771MB, GPU 452MB, Browser 123MB, Utility 68MB)
2026-08-25T13:36:31.239-04:00 info memory: 1415MB total (Tab 772MB, GPU 454MB, Browser 122MB, Utility 68MB)
2026-08-25T13:37:31.253-04:00 info memory: 1415MB total (Tab 772MB, GPU 452MB, Browser 122MB, Utility 68MB)
2026-08-25T13:38:31.257-04:00 info memory: 1414MB total (Tab 772MB, GPU 452MB, Browser 122MB, Utility 68MB)
2026-08-25T13:39:31.272-04:00 info memory: 1414MB total (Tab 772MB, GPU 452MB, Browser 122MB, Utility 68MB)
2026-08-25T13:40:31.273-04:00 info memory: 1414MB total (Tab 772MB, GPU 452MB, Browser 122MB, Utility 68MB)
2026-08-25T13:41:31.276-04:00 info memory: 1418MB total (Tab 772MB, GPU 456MB, Browser 122MB, Utility 68MB)
2026-08-25T13:42:31.275-04:00 info memory: 1415MB total (Tab 771MB, GPU 454MB, Browser 122MB, Utility 68MB)
2026-08-25T13:43:31.277-04:00 info memory: 1416MB total (Tab 772MB, GPU 454MB, Browser 122MB, Utility 68MB)
2026-08-25T13:44:31.280-04:00 info memory: 1416MB total (Tab 772MB, GPU 454MB, Browser 122MB, Utility 68MB)
2026-08-25T13:45:31.283-04:00 info memory: 1415MB total (Tab 772MB, GPU 452MB, Browser 122MB, Utility 68MB)
2026-08-25T13:46:31.298-04:00 info memory: 1416MB total (Tab 772MB, GPU 454MB, Browser 122MB, Utility 68MB)
2026-08-25T13:47:31.301-04:00 info memory: 1416MB total (Tab 772MB, GPU 454MB, Browser 122MB, Utility 68MB)
2026-08-25T13:48:31.320-04:00 info memory: 1416MB total (Tab 772MB, GPU 454MB, Browser 122MB, Utility 68MB)
2026-08-25T13:49:31.321-04:00 info memory: 1420MB total (Tab 772MB, GPU 458MB, Browser 122MB, Utility 68MB)
2026-08-25T13:50:31.337-04:00 info memory: 1414MB total (Tab 772MB, GPU 452MB, Browser 122MB, Utility 68MB)
2026-08-25T13:51:31.340-04:00 info memory: 1414MB total (Tab 771MB, GPU 452MB, Browser 122MB, Utility 68MB)
2026-08-25T13:52:31.356-04:00 info memory: 1412MB total (Tab 772MB, GPU 450MB, Browser 123MB, Utility 68MB)
2026-08-25T13:53:31.359-04:00 info memory: 1412MB total (Tab 772MB, GPU 450MB, Browser 123MB, Utility 68MB)
2026-08-25T13:54:31.362-04:00 info memory: 1449MB total (Tab 781MB, GPU 477MB, Browser 123MB, Utility 68MB)
2026-08-25T13:55:31.378-04:00 info memory: 1419MB total (Tab 772MB, GPU 457MB, Browser 122MB, Utility 68MB)
2026-08-25T13:56:31.379-04:00 info memory: 1418MB total (Tab 772MB, GPU 457MB, Browser 122MB, Utility 68MB)
2026-08-25T13:57:31.381-04:00 info memory: 1419MB total (Tab 772MB, GPU 457MB, Browser 122MB, Utility 68MB)
2026-08-25T13:58:31.382-04:00 info memory: 1420MB total (Tab 772MB, GPU 458MB, Browser 122MB, Utility 68MB)
2026-08-25T13:59:31.386-04:00 info memory: 1420MB total (Tab 772MB, GPU 458MB, Browser 122MB, Utility 68MB)
2026-08-25T14:00:31.399-04:00 info memory: 1420MB total (Tab 772MB, GPU 458MB, Browser 122MB, Utility 68MB)
2026-08-25T14:01:31.404-04:00 info memory: 1420MB total (Tab 772MB, GPU 458MB, Browser 122MB, Utility 68MB)
2026-08-25T14:02:31.420-04:00 info memory: 1421MB total (Tab 773MB, GPU 458MB, Browser 122MB, Utility 68MB)
2026-08-25T14:03:31.422-04:00 info memory: 1420MB total (Tab 773MB, GPU 457MB, Browser 122MB, Utility 68MB)
2026-08-25T14:04:31.424-04:00 info memory: 1425MB total (Tab 773MB, GPU 462MB, Browser 122MB, Utility 68MB)
2026-08-25T14:05:31.427-04:00 info memory: 1420MB total (Tab 773MB, GPU 457MB, Browser 122MB, Utility 68MB)
2026-08-25T14:06:31.443-04:00 info memory: 1422MB total (Tab 774MB, GPU 458MB, Browser 122MB, Utility 68MB)
2026-08-25T14:07:31.460-04:00 info memory: 1420MB total (Tab 773MB, GPU 457MB, Browser 123MB, Utility 68MB)
2026-08-25T14:08:31.464-04:00 info memory: 1421MB total (Tab 774MB, GPU 457MB, Browser 123MB, Utility 68MB)
2026-08-25T14:09:31.480-04:00 info memory: 1423MB total (Tab 774MB, GPU 458MB, Browser 123MB, Utility 68MB)
2026-08-25T14:10:31.481-04:00 info memory: 1420MB total (Tab 774MB, GPU 457MB, Browser 123MB, Utility 68MB)
2026-08-25T14:11:31.484-04:00 info memory: 1422MB total (Tab 773MB, GPU 458MB, Browser 123MB, Utility 68MB)
2026-08-25T14:12:31.485-04:00 info memory: 1423MB total (Tab 774MB, GPU 458MB, Browser 123MB, Utility 68MB)
2026-08-25T14:13:31.487-04:00 info memory: 1420MB total (Tab 773MB, GPU 457MB, Browser 123MB, Utility 68MB)
2026-08-25T14:14:31.488-04:00 info memory: 1420MB total (Tab 772MB, GPU 458MB, Browser 122MB, Utility 68MB)
2026-08-25T14:15:31.505-04:00 info memory: 1419MB total (Tab 773MB, GPU 457MB, Browser 122MB, Utility 68MB)
2026-08-25T14:16:31.507-04:00 info memory: 1422MB total (Tab 773MB, GPU 458MB, Browser 122MB, Utility 68MB)
2026-08-25T14:17:31.505-04:00 info memory: 1419MB total (Tab 772MB, GPU 457MB, Browser 122MB, Utility 68MB)
2026-08-25T14:18:31.509-04:00 info memory: 1409MB total (Tab 771MB, GPU 448MB, Browser 122MB, Utility 68MB)
2026-08-25T14:19:31.527-04:00 info memory: 1411MB total (Tab 771MB, GPU 450MB, Browser 122MB, Utility 68MB)
2026-08-25T14:20:31.528-04:00 info memory: 1411MB total (Tab 771MB, GPU 450MB, Browser 122MB, Utility 68MB)
2026-08-25T14:21:31.530-04:00 info memory: 1410MB total (Tab 772MB, GPU 448MB, Browser 122MB, Utility 68MB)
2026-08-25T14:22:31.548-04:00 info memory: 1408MB total (Tab 772MB, GPU 446MB, Browser 122MB, Utility 68MB)
2026-08-25T14:23:31.550-04:00 info memory: 1408MB total (Tab 772MB, GPU 446MB, Browser 123MB, Utility 68MB)
2026-08-25T14:24:31.565-04:00 info memory: 1458MB total (Tab 799MB, GPU 469MB, Browser 123MB, Utility 68MB)
2026-08-25T14:25:31.568-04:00 info memory: 1417MB total (Tab 772MB, GPU 454MB, Browser 123MB, Utility 68MB)
2026-08-25T14:26:31.571-04:00 info memory: 1412MB total (Tab 773MB, GPU 449MB, Browser 123MB, Utility 68MB)
2026-08-25T14:27:31.588-04:00 info memory: 1418MB total (Tab 773MB, GPU 454MB, Browser 123MB, Utility 68MB)
2026-08-25T14:28:31.590-04:00 info memory: 1413MB total (Tab 773MB, GPU 450MB, Browser 123MB, Utility 68MB)
2026-08-25T14:29:31.605-04:00 info memory: 1413MB total (Tab 772MB, GPU 450MB, Browser 123MB, Utility 68MB)
2026-08-25T14:30:31.608-04:00 info memory: 1412MB total (Tab 772MB, GPU 450MB, Browser 122MB, Utility 68MB)
2026-08-25T14:31:31.609-04:00 info memory: 1412MB total (Tab 772MB, GPU 450MB, Browser 122MB, Utility 68MB)
2026-08-25T14:32:31.626-04:00 info memory: 1411MB total (Tab 773MB, GPU 448MB, Browser 122MB, Utility 68MB)
2026-08-25T14:33:31.629-04:00 info memory: 1413MB total (Tab 773MB, GPU 450MB, Browser 122MB, Utility 68MB)
2026-08-25T14:34:31.646-04:00 info memory: 1413MB total (Tab 773MB, GPU 450MB, Browser 122MB, Utility 68MB)
2026-08-25T14:35:31.649-04:00 info memory: 1413MB total (Tab 773MB, GPU 450MB, Browser 122MB, Utility 68MB)
2026-08-25T14:36:31.649-04:00 info memory: 1413MB total (Tab 773MB, GPU 448MB, Browser 123MB, Utility 68MB)
2026-08-25T14:37:31.651-04:00 info memory: 1412MB total (Tab 772MB, GPU 448MB, Browser 123MB, Utility 68MB)
2026-08-25T14:38:31.652-04:00 info memory: 1414MB total (Tab 773MB, GPU 450MB, Browser 123MB, Utility 68MB)
2026-08-25T14:39:31.669-04:00 info memory: 1415MB total (Tab 773MB, GPU 450MB, Browser 123MB, Utility 69MB)
2026-08-25T14:40:31.672-04:00 info memory: 1413MB total (Tab 772MB, GPU 448MB, Browser 123MB, Utility 69MB)
2026-08-25T14:41:31.672-04:00 info memory: 1415MB total (Tab 773MB, GPU 450MB, Browser 123MB, Utility 69MB)
2026-08-25T14:42:31.674-04:00 info memory: 1414MB total (Tab 773MB, GPU 448MB, Browser 123MB, Utility 69MB)
2026-08-25T14:43:31.692-04:00 info memory: 1415MB total (Tab 773MB, GPU 450MB, Browser 124MB, Utility 69MB)
2026-08-25T14:44:31.694-04:00 info memory: 1415MB total (Tab 773MB, GPU 450MB, Browser 124MB, Utility 69MB)
2026-08-25T14:45:31.710-04:00 info memory: 1414MB total (Tab 773MB, GPU 448MB, Browser 124MB, Utility 69MB)
2026-08-25T14:46:31.713-04:00 info memory: 1415MB total (Tab 773MB, GPU 450MB, Browser 124MB, Utility 69MB)
2026-08-25T14:47:31.714-04:00 info memory: 1415MB total (Tab 772MB, GPU 450MB, Browser 124MB, Utility 69MB)
2026-08-25T14:48:31.716-04:00 info memory: 1415MB total (Tab 773MB, GPU 450MB, Browser 124MB, Utility 69MB)
2026-08-25T14:49:31.717-04:00 info memory: 1414MB total (Tab 773MB, GPU 450MB, Browser 123MB, Utility 69MB)
2026-08-25T14:50:31.718-04:00 info memory: 1413MB total (Tab 773MB, GPU 448MB, Browser 123MB, Utility 69MB)
2026-08-25T14:51:31.720-04:00 info memory: 1413MB total (Tab 773MB, GPU 448MB, Browser 123MB, Utility 69MB)
2026-08-25T14:52:31.722-04:00 info memory: 1413MB total (Tab 773MB, GPU 448MB, Browser 123MB, Utility 69MB)
2026-08-25T14:53:31.737-04:00 info memory: 1415MB total (Tab 773MB, GPU 450MB, Browser 123MB, Utility 69MB)
2026-08-25T14:54:31.740-04:00 info memory: 1476MB total (Tab 816MB, GPU 468MB, Browser 123MB, Utility 69MB)
2026-08-25T14:55:31.742-04:00 info memory: 1414MB total (Tab 772MB, GPU 450MB, Browser 123MB, Utility 69MB)
2026-08-25T14:56:31.744-04:00 info memory: 1413MB total (Tab 772MB, GPU 448MB, Browser 123MB, Utility 69MB)
2026-08-25T14:57:31.745-04:00 info memory: 1413MB total (Tab 773MB, GPU 448MB, Browser 123MB, Utility 69MB)
2026-08-25T14:58:31.747-04:00 info memory: 1414MB total (Tab 772MB, GPU 450MB, Browser 123MB, Utility 69MB)
2026-08-25T14:59:31.749-04:00 info memory: 1413MB total (Tab 772MB, GPU 448MB, Browser 123MB, Utility 69MB)
2026-08-25T15:00:31.765-04:00 info memory: 1415MB total (Tab 773MB, GPU 450MB, Browser 124MB, Utility 69MB)
2026-08-25T15:01:31.766-04:00 info memory: 1413MB total (Tab 773MB, GPU 448MB, Browser 124MB, Utility 69MB)
2026-08-25T15:02:31.768-04:00 info memory: 1413MB total (Tab 772MB, GPU 448MB, Browser 124MB, Utility 69MB)
2026-08-25T15:03:31.769-04:00 info memory: 1414MB total (Tab 773MB, GPU 448MB, Browser 124MB, Utility 69MB)
2026-08-25T15:04:31.771-04:00 info memory: 1416MB total (Tab 773MB, GPU 450MB, Browser 124MB, Utility 69MB)
2026-08-25T15:05:31.771-04:00 info memory: 1413MB total (Tab 772MB, GPU 448MB, Browser 124MB, Utility 69MB)
2026-08-25T15:06:31.772-04:00 info memory: 1415MB total (Tab 773MB, GPU 450MB, Browser 124MB, Utility 69MB)
2026-08-25T15:07:31.774-04:00 info memory: 1416MB total (Tab 773MB, GPU 450MB, Browser 124MB, Utility 69MB)
2026-08-25T15:08:31.777-04:00 info memory: 1414MB total (Tab 773MB, GPU 448MB, Browser 124MB, Utility 69MB)
2026-08-25T15:09:31.791-04:00 info memory: 1414MB total (Tab 773MB, GPU 448MB, Browser 124MB, Utility 69MB)
2026-08-25T15:10:31.793-04:00 info memory: 1414MB total (Tab 773MB, GPU 448MB, Browser 124MB, Utility 69MB)
2026-08-25T15:11:31.795-04:00 info memory: 1414MB total (Tab 773MB, GPU 448MB, Browser 124MB, Utility 69MB)
2026-08-25T15:12:31.796-04:00 info memory: 1415MB total (Tab 773MB, GPU 450MB, Browser 124MB, Utility 69MB)
2026-08-25T15:13:31.798-04:00 info memory: 1416MB total (Tab 773MB, GPU 450MB, Browser 124MB, Utility 69MB)
2026-08-25T15:14:31.800-04:00 info memory: 1415MB total (Tab 774MB, GPU 448MB, Browser 124MB, Utility 69MB)
2026-08-25T15:15:31.816-04:00 info memory: 1414MB total (Tab 773MB, GPU 448MB, Browser 124MB, Utility 69MB)
2026-08-25T15:16:31.819-04:00 info memory: 1416MB total (Tab 773MB, GPU 450MB, Browser 124MB, Utility 69MB)
2026-08-25T15:17:31.819-04:00 info memory: 1414MB total (Tab 773MB, GPU 448MB, Browser 124MB, Utility 69MB)
2026-08-25T15:18:31.837-04:00 info memory: 1414MB total (Tab 773MB, GPU 448MB, Browser 124MB, Utility 69MB)
2026-08-25T15:19:31.839-04:00 info memory: 1415MB total (Tab 772MB, GPU 450MB, Browser 124MB, Utility 69MB)
2026-08-25T15:20:31.840-04:00 info memory: 1415MB total (Tab 772MB, GPU 450MB, Browser 124MB, Utility 69MB)
2026-08-25T15:21:31.842-04:00 info memory: 1416MB total (Tab 773MB, GPU 450MB, Browser 124MB, Utility 69MB)
2026-08-25T15:22:31.844-04:00 info memory: 1416MB total (Tab 773MB, GPU 450MB, Browser 125MB, Utility 69MB)
2026-08-25T15:23:31.846-04:00 info memory: 1415MB total (Tab 772MB, GPU 450MB, Browser 125MB, Utility 69MB)
2026-08-25T15:24:31.861-04:00 info memory: 1442MB total (Tab 778MB, GPU 471MB, Browser 125MB, Utility 69MB)
2026-08-25T15:25:31.864-04:00 info memory: 1427MB total (Tab 778MB, GPU 456MB, Browser 125MB, Utility 69MB)
2026-08-25T15:26:31.881-04:00 info memory: 1423MB total (Tab 778MB, GPU 452MB, Browser 125MB, Utility 69MB)
2026-08-25T15:27:31.884-04:00 info memory: 1424MB total (Tab 778MB, GPU 453MB, Browser 124MB, Utility 69MB)
2026-08-25T15:28:31.885-04:00 info memory: 1424MB total (Tab 778MB, GPU 453MB, Browser 124MB, Utility 69MB)
2026-08-25T15:29:31.902-04:00 info memory: 1423MB total (Tab 779MB, GPU 452MB, Browser 124MB, Utility 69MB)
2026-08-25T15:30:31.903-04:00 info memory: 1422MB total (Tab 778MB, GPU 452MB, Browser 124MB, Utility 69MB)
2026-08-25T15:31:31.903-04:00 info memory: 1424MB total (Tab 778MB, GPU 453MB, Browser 124MB, Utility 69MB)
2026-08-25T15:32:31.905-04:00 info memory: 1423MB total (Tab 779MB, GPU 452MB, Browser 124MB, Utility 69MB)
2026-08-25T15:33:31.907-04:00 info memory: 1424MB total (Tab 778MB, GPU 453MB, Browser 124MB, Utility 69MB)
2026-08-25T15:34:31.909-04:00 info memory: 1425MB total (Tab 779MB, GPU 453MB, Browser 124MB, Utility 69MB)
2026-08-25T15:35:31.927-04:00 info memory: 1423MB total (Tab 779MB, GPU 452MB, Browser 124MB, Utility 69MB)
2026-08-25T15:36:31.927-04:00 info memory: 1425MB total (Tab 779MB, GPU 453MB, Browser 124MB, Utility 69MB)
2026-08-25T15:37:31.944-04:00 info memory: 1426MB total (Tab 777MB, GPU 456MB, Browser 124MB, Utility 69MB)
2026-08-25T15:38:31.947-04:00 info memory: 1424MB total (Tab 778MB, GPU 453MB, Browser 124MB, Utility 69MB)
2026-08-25T15:39:31.964-04:00 info memory: 1423MB total (Tab 779MB, GPU 452MB, Browser 124MB, Utility 69MB)
2026-08-25T15:40:31.965-04:00 info memory: 1428MB total (Tab 779MB, GPU 457MB, Browser 124MB, Utility 69MB)
2026-08-25T15:41:31.968-04:00 info memory: 1423MB total (Tab 779MB, GPU 452MB, Browser 124MB, Utility 69MB)
2026-08-25T15:42:31.968-04:00 info memory: 1425MB total (Tab 779MB, GPU 453MB, Browser 124MB, Utility 69MB)
2026-08-25T15:43:31.984-04:00 info memory: 1424MB total (Tab 779MB, GPU 453MB, Browser 124MB, Utility 69MB)
2026-08-25T15:44:31.989-04:00 info memory: 1424MB total (Tab 778MB, GPU 453MB, Browser 124MB, Utility 69MB)
2026-08-25T15:45:32.005-04:00 info memory: 1424MB total (Tab 779MB, GPU 453MB, Browser 124MB, Utility 69MB)
2026-08-25T15:46:32.007-04:00 info memory: 1424MB total (Tab 778MB, GPU 453MB, Browser 124MB, Utility 69MB)
2026-08-25T15:47:32.009-04:00 info memory: 1422MB total (Tab 778MB, GPU 452MB, Browser 123MB, Utility 69MB)
2026-08-25T15:48:32.009-04:00 info memory: 1424MB total (Tab 778MB, GPU 453MB, Browser 123MB, Utility 69MB)
2026-08-25T15:49:32.010-04:00 info memory: 1423MB total (Tab 778MB, GPU 453MB, Browser 123MB, Utility 69MB)
2026-08-25T15:50:32.013-04:00 info memory: 1424MB total (Tab 778MB, GPU 453MB, Browser 123MB, Utility 69MB)
2026-08-25T15:51:32.030-04:00 info memory: 1424MB total (Tab 778MB, GPU 453MB, Browser 123MB, Utility 69MB)
2026-08-25T15:52:32.029-04:00 info memory: 1423MB total (Tab 778MB, GPU 453MB, Browser 123MB, Utility 69MB)
2026-08-25T15:53:32.033-04:00 info memory: 1422MB total (Tab 778MB, GPU 452MB, Browser 124MB, Utility 69MB)
2026-08-25T15:54:32.034-04:00 info memory: 1491MB total (Tab 822MB, GPU 476MB, Browser 124MB, Utility 69MB)
2026-08-25T15:55:32.049-04:00 info memory: 1424MB total (Tab 778MB, GPU 453MB, Browser 124MB, Utility 69MB)
2026-08-25T15:56:32.052-04:00 info memory: 1423MB total (Tab 778MB, GPU 452MB, Browser 124MB, Utility 69MB)
2026-08-25T15:57:32.055-04:00 info memory: 1425MB total (Tab 779MB, GPU 454MB, Browser 124MB, Utility 69MB)
2026-08-25T15:58:32.068-04:00 info memory: 1423MB total (Tab 778MB, GPU 452MB, Browser 124MB, Utility 69MB)
2026-08-25T15:59:32.074-04:00 info memory: 1423MB total (Tab 779MB, GPU 452MB, Browser 124MB, Utility 69MB)
2026-08-25T16:00:32.090-04:00 info memory: 1425MB total (Tab 779MB, GPU 453MB, Browser 124MB, Utility 69MB)
2026-08-25T16:01:32.092-04:00 info memory: 1423MB total (Tab 779MB, GPU 452MB, Browser 124MB, Utility 69MB)
2026-08-25T16:02:32.093-04:00 info memory: 1423MB total (Tab 778MB, GPU 452MB, Browser 124MB, Utility 69MB)
2026-08-25T16:03:32.110-04:00 info memory: 1424MB total (Tab 779MB, GPU 452MB, Browser 124MB, Utility 69MB)
2026-08-25T16:04:32.112-04:00 info memory: 1426MB total (Tab 779MB, GPU 453MB, Browser 124MB, Utility 69MB)
2026-08-25T16:05:32.113-04:00 info memory: 1425MB total (Tab 778MB, GPU 453MB, Browser 125MB, Utility 69MB)
2026-08-25T16:06:32.113-04:00 info memory: 1425MB total (Tab 779MB, GPU 454MB, Browser 124MB, Utility 69MB)
2026-08-25T16:07:32.116-04:00 info memory: 1426MB total (Tab 779MB, GPU 453MB, Browser 124MB, Utility 69MB)
2026-08-25T16:08:32.117-04:00 info memory: 1425MB total (Tab 779MB, GPU 453MB, Browser 124MB, Utility 69MB)
2026-08-25T16:09:32.118-04:00 info memory: 1423MB total (Tab 777MB, GPU 453MB, Browser 124MB, Utility 69MB)
2026-08-25T16:10:32.121-04:00 info memory: 1424MB total (Tab 777MB, GPU 453MB, Browser 124MB, Utility 69MB)
2026-08-25T16:11:32.137-04:00 info memory: 1423MB total (Tab 777MB, GPU 453MB, Browser 124MB, Utility 69MB)
2026-08-25T16:12:32.139-04:00 info memory: 1421MB total (Tab 776MB, GPU 452MB, Browser 124MB, Utility 69MB)
2026-08-25T16:13:32.156-04:00 info memory: 1421MB total (Tab 777MB, GPU 452MB, Browser 124MB, Utility 69MB)
2026-08-25T16:14:32.158-04:00 info memory: 1423MB total (Tab 776MB, GPU 453MB, Browser 124MB, Utility 69MB)
2026-08-25T16:15:32.159-04:00 info memory: 1421MB total (Tab 776MB, GPU 452MB, Browser 124MB, Utility 69MB)
2026-08-25T16:16:32.154-04:00 info memory: 1423MB total (Tab 776MB, GPU 453MB, Browser 124MB, Utility 69MB)
2026-08-25T16:17:32.162-04:00 info memory: 1421MB total (Tab 776MB, GPU 452MB, Browser 124MB, Utility 69MB)
2026-08-25T16:17:36.119-04:00 info stopping after 24787s
